1..8
ok 1
ok 2
ok 3
ok 4 - len
ok 5
ok 6
ok 7
ok 8
