1..11
ok 1 - while empty
ok 2 - while 
ok 3
ok 4
ok 5 - with break
ok 6
ok 7 - break
ok 8
ok 9
ok 10
ok 11
