1..8
ok 1 - repeat
ok 2
ok 3
ok 4
ok 5 - with break
ok 6
ok 7 - break
ok 8 - scope
