1..54
ok 1 - -1
ok 2 - #1
ok 3 - not 1
ok 4 - 10 + 2
ok 5 - 2 - 10
ok 6 - 3.14 * 1
ok 7 - -7 / 0.5
ok 8 - 1 / 0
ok 9 - -25 % 3
ok 10 - 1 % 0
ok 11 - 10 + true
ok 12 - 2 - nil
ok 13 - 3.14 * false
ok 14 - -7 / {}
ok 15 - 3 ^ true
ok 16 - -25 % false
ok 17 - 10 + 'text'
ok 18 - 2 - 'text'
ok 19 - 3.14 * 'text'
ok 20 - -7 / 'text'
ok 21 - 25 % 'text'
ok 22 - 3 ^ 'text'
ok 23 - 10 + '2'
ok 24 - 2 - '10'
ok 25 - 3.14 * '1'
ok 26 - -7 / '0.5'
ok 27 - -25 % '3'
ok 28 - 3 ^ '3'
ok 29 - 1 .. 'end'
ok 30 - 1 .. 2
ok 31 - 1 .. true
ok 32 - 1.0 == 1
ok 33 - 1 ~= 2
ok 34 - 1 == true
ok 35 - 1 ~= nil
ok 36 - 1 == '1'
ok 37 - 1 ~= '1'
ok 38 - 1 < 0
ok 39 - 1 <= 0
ok 40 - 1 > 0
ok 41 - 1 >= 0
ok 42 - 1 < false
ok 43 - 1 <= nil
ok 44 - 1 > true
ok 45 - 1 >= {}
ok 46 - 1 < '0'
ok 47 - 1 <= '0'
ok 48 - 1 > '0'
ok 49 - 1 >= '0'
ok 50 - number 1000000000
ok 51 - number 1e9
ok 52 - number 1.0e+9
ok 53 - index
ok 54 - index
